rationales 32/3511
rationales 64/3511
rationales 96/3511
rationales 128/3511
rationales 160/3511
rationales 192/3511
rationales 224/3511
rationales 256/3511
rationales 288/3511
rationales 320/3511
rationales 352/3511
rationales 384/3511
rationales 416/3511
rationales 448/3511
rationales 480/3511
rationales 512/3511
rationales 544/3511
rationales 576/3511
rationales 608/3511
rationales 640/3511
rationales 672/3511
rationales 704/3511
rationales 736/3511
rationales 768/3511
rationales 800/3511
rationales 832/3511
rationales 864/3511
rationales 896/3511
rationales 928/3511
rationales 960/3511
rationales 992/3511
rationales 1024/3511
rationales 1056/3511
rationales 1088/3511
rationales 1120/3511
rationales 1152/3511
rationales 1184/3511
rationales 1216/3511
rationales 1248/3511
rationales 1280/3511
rationales 1312/3511
rationales 1344/3511
rationales 1376/3511
rationales 1408/3511
rationales 1440/3511
rationales 1472/3511
rationales 1504/3511
rationales 1536/3511
rationales 1568/3511
rationales 1600/3511
rationales 1632/3511
rationales 1664/3511
rationales 1696/3511
rationales 1728/3511
rationales 1760/3511
rationales 1792/3511
rationales 1824/3511
rationales 1856/3511
rationales 1888/3511
rationales 1920/3511
rationales 1952/3511
rationales 1984/3511
rationales 2016/3511
rationales 2048/3511
rationales 2080/3511
rationales 2112/3511
rationales 2144/3511
rationales 2176/3511
rationales 2208/3511
rationales 2240/3511
rationales 2272/3511
rationales 2304/3511
rationales 2336/3511
rationales 2368/3511
rationales 2400/3511
rationales 2432/3511
rationales 2464/3511
rationales 2496/3511
rationales 2528/3511
rationales 2560/3511
rationales 2592/3511
rationales 2624/3511
rationales 2656/3511
rationales 2688/3511
rationales 2720/3511
rationales 2752/3511
rationales 2784/3511
rationales 2816/3511
rationales 2848/3511
rationales 2880/3511
rationales 2912/3511
rationales 2944/3511
rationales 2976/3511
rationales 3008/3511
rationales 3040/3511
rationales 3072/3511
rationales 3104/3511
rationales 3136/3511
rationales 3168/3511
rationales 3200/3511
rationales 3232/3511
rationales 3264/3511
rationales 3296/3511
rationales 3328/3511
rationales 3360/3511
rationales 3392/3511
rationales 3424/3511
rationales 3456/3511
rationales 3488/3511
rationales 3511/3511
{
  "cached_rationales": 3511,
  "output": "data\\cache\\rationales_train.jsonl"
}
